┌─ Summary
│ tfautomv made 30 comparisons and found 3 moves
│
│ 1 move within demo/module-a
│ ├─
│ │ from random_pet.alpha
│ │ to   random_pet.alice
│ └─
│
│ 2 moves from demo/module-a and demo/module-b
│ ├─
│ │ from random_pet.bravo
│ │ to   random_pet.bob
│ ├─
│ │ from random_pet.charlie
│ │ to   random_pet.carol
│ └─
│
│ 2 matches for random_pet.delta (delete) in demo/module-a
│ ├─
│ │ random_pet.daniel (create) in demo/module-b
│ ├─
│ │ random_pet.david (create) in demo/module-b
│ └─
│
│ 0 matches for random_pet.felix (create) in demo/module-b
│ ├─
│ │ random_pet.echo (delete) in demo/module-a
│ └─
│
│ 0 matches for random_pet.echo (delete) in demo/module-a
│ ├─
│ │ random_pet.felix (create) in demo/module-b
│ └─
└─